[   32238ms] [ERROR] Failed to load resource: the server responded with a status of 400 () @ https://a.basemaps.cartocdn.com/light_nolabels/2/-1/1@2x.png:0
[   32246ms] [ERROR] Failed to load resource: the server responded with a status of 400 () @ https://b.basemaps.cartocdn.com/light_nolabels/2/-1/0@2x.png:0
[   32254ms] [ERROR] Failed to load resource: the server responded with a status of 400 () @ https://a.basemaps.cartocdn.com/light_nolabels/2/4/2@2x.png:0
[   32256ms] [ERROR] Failed to load resource: the server responded with a status of 400 () @ https://b.basemaps.cartocdn.com/light_nolabels/2/-1/2@2x.png:0
[   32256ms] [ERROR] Failed to load resource: the server responded with a status of 400 () @ https://b.basemaps.cartocdn.com/light_nolabels/2/4/0@2x.png:0
[   32256ms] [ERROR] Failed to load resource: the server responded with a status of 400 () @ https://c.basemaps.cartocdn.com/light_nolabels/2/4/1@2x.png:0
[   54309ms] [ERROR] WebSocket connection to 'ws://localhost:4321/' failed: Error during WebSocket handshake: net::ERR_CONNECTION_RESET @ http://localhost:4321/@vite/client:1721
[   55311ms] [ERROR] WebSocket connection to 'ws://localhost:4321/' failed: Error in connection establishment: net::ERR_CONNECTION_REFUSED @ http://localhost:4321/@vite/client:1721
[   56314ms] [ERROR] WebSocket connection to 'ws://localhost:4321/' failed: Error in connection establishment: net::ERR_CONNECTION_REFUSED @ http://localhost:4321/@vite/client:1721
[   57317ms] [ERROR] WebSocket connection to 'ws://localhost:4321/' failed: Error in connection establishment: net::ERR_CONNECTION_REFUSED @ http://localhost:4321/@vite/client:1721
[   58323ms] [ERROR] WebSocket connection to 'ws://localhost:4321/' failed: Error in connection establishment: net::ERR_CONNECTION_REFUSED @ http://localhost:4321/@vite/client:1721
[   59328ms] [ERROR] WebSocket connection to 'ws://localhost:4321/' failed: Error in connection establishment: net::ERR_CONNECTION_REFUSED @ http://localhost:4321/@vite/client:1721
[   60330ms] [ERROR] WebSocket connection to 'ws://localhost:4321/' failed: Error in connection establishment: net::ERR_CONNECTION_REFUSED @ http://localhost:4321/@vite/client:1721
[   61334ms] [ERROR] WebSocket connection to 'ws://localhost:4321/' failed: Error in connection establishment: net::ERR_CONNECTION_REFUSED @ http://localhost:4321/@vite/client:1721
[   62339ms] [ERROR] WebSocket connection to 'ws://localhost:4321/' failed: Error in connection establishment: net::ERR_CONNECTION_REFUSED @ http://localhost:4321/@vite/client:1721
[   63342ms] [ERROR] WebSocket connection to 'ws://localhost:4321/' failed: Error in connection establishment: net::ERR_CONNECTION_REFUSED @ http://localhost:4321/@vite/client:1721
[   64348ms] [ERROR] WebSocket connection to 'ws://localhost:4321/' failed: Error in connection establishment: net::ERR_CONNECTION_REFUSED @ http://localhost:4321/@vite/client:1721
[   65355ms] [ERROR] WebSocket connection to 'ws://localhost:4321/' failed: Error in connection establishment: net::ERR_CONNECTION_REFUSED @ http://localhost:4321/@vite/client:1721
[   66359ms] [ERROR] WebSocket connection to 'ws://localhost:4321/' failed: Error in connection establishment: net::ERR_CONNECTION_REFUSED @ http://localhost:4321/@vite/client:1721
[   67366ms] [ERROR] WebSocket connection to 'ws://localhost:4321/' failed: Error in connection establishment: net::ERR_CONNECTION_REFUSED @ http://localhost:4321/@vite/client:1721
[   68372ms] [ERROR] WebSocket connection to 'ws://localhost:4321/' failed: Error in connection establishment: net::ERR_CONNECTION_REFUSED @ http://localhost:4321/@vite/client:1721
[   69380ms] [ERROR] WebSocket connection to 'ws://localhost:4321/' failed: Error in connection establishment: net::ERR_CONNECTION_REFUSED @ http://localhost:4321/@vite/client:1721
[   70384ms] [ERROR] WebSocket connection to 'ws://localhost:4321/' failed: Error in connection establishment: net::ERR_CONNECTION_REFUSED @ http://localhost:4321/@vite/client:1721
[   71389ms] [ERROR] WebSocket connection to 'ws://localhost:4321/' failed: Error in connection establishment: net::ERR_CONNECTION_REFUSED @ http://localhost:4321/@vite/client:1721
[   72394ms] [ERROR] WebSocket connection to 'ws://localhost:4321/' failed: Error in connection establishment: net::ERR_CONNECTION_REFUSED @ http://localhost:4321/@vite/client:1721
[   73403ms] [ERROR] WebSocket connection to 'ws://localhost:4321/' failed: Error in connection establishment: net::ERR_CONNECTION_REFUSED @ http://localhost:4321/@vite/client:1721
[   74410ms] [ERROR] WebSocket connection to 'ws://localhost:4321/' failed: Error in connection establishment: net::ERR_CONNECTION_REFUSED @ http://localhost:4321/@vite/client:1721
[   75422ms] [ERROR] WebSocket connection to 'ws://localhost:4321/' failed: Error in connection establishment: net::ERR_CONNECTION_REFUSED @ http://localhost:4321/@vite/client:1721
[   76431ms] [ERROR] WebSocket connection to 'ws://localhost:4321/' failed: Error in connection establishment: net::ERR_CONNECTION_REFUSED @ http://localhost:4321/@vite/client:1721
[   77442ms] [ERROR] WebSocket connection to 'ws://localhost:4321/' failed: Error in connection establishment: net::ERR_CONNECTION_REFUSED @ http://localhost:4321/@vite/client:1721
[   78452ms] [ERROR] WebSocket connection to 'ws://localhost:4321/' failed: Error in connection establishment: net::ERR_CONNECTION_REFUSED @ http://localhost:4321/@vite/client:1721
[   79473ms] [ERROR] WebSocket connection to 'ws://localhost:4321/' failed: Error in connection establishment: net::ERR_CONNECTION_REFUSED @ http://localhost:4321/@vite/client:1721
[   80490ms] [ERROR] WebSocket connection to 'ws://localhost:4321/' failed: Error in connection establishment: net::ERR_CONNECTION_REFUSED @ http://localhost:4321/@vite/client:1721
[   81504ms] [ERROR] WebSocket connection to 'ws://localhost:4321/' failed: Error in connection establishment: net::ERR_CONNECTION_REFUSED @ http://localhost:4321/@vite/client:1721
[   82510ms] [ERROR] WebSocket connection to 'ws://localhost:4321/' failed: Error in connection establishment: net::ERR_CONNECTION_REFUSED @ http://localhost:4321/@vite/client:1721
[   83530ms] [ERROR] WebSocket connection to 'ws://localhost:4321/' failed: Error in connection establishment: net::ERR_CONNECTION_REFUSED @ http://localhost:4321/@vite/client:1721
[   84550ms] [ERROR] WebSocket connection to 'ws://localhost:4321/' failed: Error in connection establishment: net::ERR_CONNECTION_REFUSED @ http://localhost:4321/@vite/client:1721
[   85559ms] [ERROR] WebSocket connection to 'ws://localhost:4321/' failed: Error in connection establishment: net::ERR_CONNECTION_REFUSED @ http://localhost:4321/@vite/client:1721
[   86605ms] [ERROR] WebSocket connection to 'ws://localhost:4321/' failed: Error in connection establishment: net::ERR_CONNECTION_REFUSED @ http://localhost:4321/@vite/client:1721
[   87643ms] [ERROR] WebSocket connection to 'ws://localhost:4321/' failed: Error in connection establishment: net::ERR_CONNECTION_REFUSED @ http://localhost:4321/@vite/client:1721
[   88680ms] [ERROR] WebSocket connection to 'ws://localhost:4321/' failed: Error in connection establishment: net::ERR_CONNECTION_REFUSED @ http://localhost:4321/@vite/client:1721
[   89695ms] [ERROR] WebSocket connection to 'ws://localhost:4321/' failed: Error in connection establishment: net::ERR_CONNECTION_REFUSED @ http://localhost:4321/@vite/client:1721
[   90748ms] [ERROR] WebSocket connection to 'ws://localhost:4321/' failed: Error in connection establishment: net::ERR_CONNECTION_REFUSED @ http://localhost:4321/@vite/client:1721
[   91770ms] [ERROR] WebSocket connection to 'ws://localhost:4321/' failed: Error in connection establishment: net::ERR_CONNECTION_REFUSED @ http://localhost:4321/@vite/client:1721
[   92820ms] [ERROR] WebSocket connection to 'ws://localhost:4321/' failed: Error in connection establishment: net::ERR_CONNECTION_REFUSED @ http://localhost:4321/@vite/client:1721
[   93878ms] [ERROR] WebSocket connection to 'ws://localhost:4321/' failed: Error in connection establishment: net::ERR_CONNECTION_REFUSED @ http://localhost:4321/@vite/client:1721
[   95018ms] [ERROR] WebSocket connection to 'ws://localhost:4321/' failed: Error in connection establishment: net::ERR_CONNECTION_REFUSED @ http://localhost:4321/@vite/client:1721
[   96072ms] [ERROR] WebSocket connection to 'ws://localhost:4321/' failed: Error in connection establishment: net::ERR_CONNECTION_REFUSED @ http://localhost:4321/@vite/client:1721
[   97153ms] [ERROR] WebSocket connection to 'ws://localhost:4321/' failed: Error in connection establishment: net::ERR_CONNECTION_REFUSED @ http://localhost:4321/@vite/client:1721
[   98296ms] [ERROR] WebSocket connection to 'ws://localhost:4321/' failed: Error in connection establishment: net::ERR_CONNECTION_REFUSED @ http://localhost:4321/@vite/client:1721
[   99428ms] [ERROR] WebSocket connection to 'ws://localhost:4321/' failed: Error in connection establishment: net::ERR_CONNECTION_REFUSED @ http://localhost:4321/@vite/client:1721
[  100570ms] [ERROR] WebSocket connection to 'ws://localhost:4321/' failed: Error in connection establishment: net::ERR_CONNECTION_REFUSED @ http://localhost:4321/@vite/client:1721
[  101770ms] [ERROR] WebSocket connection to 'ws://localhost:4321/' failed: Error in connection establishment: net::ERR_CONNECTION_REFUSED @ http://localhost:4321/@vite/client:1721
[  102955ms] [ERROR] WebSocket connection to 'ws://localhost:4321/' failed: Error in connection establishment: net::ERR_CONNECTION_REFUSED @ http://localhost:4321/@vite/client:1721
[  104383ms] [ERROR] WebSocket connection to 'ws://localhost:4321/' failed: Error in connection establishment: net::ERR_CONNECTION_REFUSED @ http://localhost:4321/@vite/client:1721
[  105991ms] [ERROR] WebSocket connection to 'ws://localhost:4321/' failed: Error in connection establishment: net::ERR_CONNECTION_REFUSED @ http://localhost:4321/@vite/client:1721
[  107483ms] [ERROR] WebSocket connection to 'ws://localhost:4321/' failed: Error in connection establishment: net::ERR_CONNECTION_REFUSED @ http://localhost:4321/@vite/client:1721
[  108692ms] [ERROR] WebSocket connection to 'ws://localhost:4321/' failed: Error in connection establishment: net::ERR_CONNECTION_REFUSED @ http://localhost:4321/@vite/client:1721
[  109987ms] [ERROR] WebSocket connection to 'ws://localhost:4321/' failed: Error in connection establishment: net::ERR_CONNECTION_REFUSED @ http://localhost:4321/@vite/client:1721
[  112045ms] [ERROR] WebSocket connection to 'ws://localhost:4321/' failed: Error in connection establishment: net::ERR_CONNECTION_REFUSED @ http://localhost:4321/@vite/client:1721
[  113621ms] [ERROR] WebSocket connection to 'ws://localhost:4321/' failed: Error in connection establishment: net::ERR_CONNECTION_REFUSED @ http://localhost:4321/@vite/client:1721
[  115328ms] [ERROR] WebSocket connection to 'ws://localhost:4321/' failed: Error in connection establishment: net::ERR_CONNECTION_REFUSED @ http://localhost:4321/@vite/client:1721
[  116860ms] [ERROR] WebSocket connection to 'ws://localhost:4321/' failed: Error in connection establishment: net::ERR_CONNECTION_REFUSED @ http://localhost:4321/@vite/client:1721
[  119312ms] [ERROR] WebSocket connection to 'ws://localhost:4321/' failed: Error in connection establishment: net::ERR_CONNECTION_REFUSED @ http://localhost:4321/@vite/client:1721
[  122499ms] [ERROR] WebSocket connection to 'ws://localhost:4321/' failed: Error in connection establishment: net::ERR_CONNECTION_REFUSED @ http://localhost:4321/@vite/client:1721
[  125209ms] [ERROR] WebSocket connection to 'ws://localhost:4321/' failed: Error in connection establishment: net::ERR_CONNECTION_REFUSED @ http://localhost:4321/@vite/client:1721
[  130479ms] [ERROR] WebSocket connection to 'ws://localhost:4321/' failed: Error in connection establishment: net::ERR_CONNECTION_REFUSED @ http://localhost:4321/@vite/client:1721
[  134087ms] [ERROR] WebSocket connection to 'ws://localhost:4321/' failed: Error in connection establishment: net::ERR_CONNECTION_REFUSED @ http://localhost:4321/@vite/client:1721
[  136167ms] [ERROR] WebSocket connection to 'ws://localhost:4321/' failed: Error in connection establishment: net::ERR_CONNECTION_REFUSED @ http://localhost:4321/@vite/client:1721
[  142059ms] [ERROR] WebSocket connection to 'ws://localhost:4321/' failed: Error in connection establishment: net::ERR_CONNECTION_REFUSED @ http://localhost:4321/@vite/client:1721
[  146255ms] [ERROR] WebSocket connection to 'ws://localhost:4321/' failed: Error in connection establishment: net::ERR_CONNECTION_REFUSED @ http://localhost:4321/@vite/client:1721
[  150495ms] [ERROR] WebSocket connection to 'ws://localhost:4321/' failed: Error in connection establishment: net::ERR_CONNECTION_REFUSED @ http://localhost:4321/@vite/client:1721
[  153009ms] [ERROR] WebSocket connection to 'ws://localhost:4321/' failed: Error in connection establishment: net::ERR_CONNECTION_REFUSED @ http://localhost:4321/@vite/client:1721
[  158429ms] [ERROR] WebSocket connection to 'ws://localhost:4321/' failed: Error in connection establishment: net::ERR_CONNECTION_REFUSED @ http://localhost:4321/@vite/client:1721
[  161439ms] [ERROR] Failed to load resource: net::ERR_CONNECTION_REFUSED @ http://localhost:4321/@fs/Users/anorum/repos/alex-website/src/assets/cocoboicon.png?origWidth=424&origHeight=425&origFormat=png:0
[  161440ms] [ERROR] %cAstro background: linear-gradient(66.77deg, #D83333 0%, #F041FF 100%); color: white; padding-inline: 4px; border-radius: 2px; font-family: monospace; Error while running audit's match function: TypeError: Failed to fetch @ http://localhost:4321/node_modules/astro/dist/runtime/client/dev-toolbar/settings.js?v=cb2c1591:17
[  161441ms] [ERROR] Failed to load resource: net::ERR_CONNECTION_REFUSED @ http://localhost:4321/@fs/Users/anorum/repos/alex-website/src/assets/cocoboicon.png?origWidth=424&origHeight=425&origFormat=png:0
[  161441ms] [ERROR] %cAstro background: linear-gradient(66.77deg, #D83333 0%, #F041FF 100%); color: white; padding-inline: 4px; border-radius: 2px; font-family: monospace; Error while running audit's match function: TypeError: Failed to fetch @ http://localhost:4321/node_modules/astro/dist/runtime/client/dev-toolbar/settings.js?v=cb2c1591:17
[  161442ms] [ERROR] Failed to load resource: net::ERR_CONNECTION_REFUSED @ http://localhost:4321/@fs/Users/anorum/repos/alex-website/src/assets/me.jpeg?origWidth=460&origHeight=460&origFormat=jpg:0
[  161442ms] [ERROR] %cAstro background: linear-gradient(66.77deg, #D83333 0%, #F041FF 100%); color: white; padding-inline: 4px; border-radius: 2px; font-family: monospace; Error while running audit's match function: TypeError: Failed to fetch @ http://localhost:4321/node_modules/astro/dist/runtime/client/dev-toolbar/settings.js?v=cb2c1591:17
[  161443ms] [ERROR] Failed to load resource: net::ERR_CONNECTION_REFUSED @ http://localhost:4321/@fs/Users/anorum/repos/alex-website/src/assets/logos/LegalZoomlogo.webp?origWidth=500&origHeight=500&origFormat=webp:0
[  161443ms] [ERROR] %cAstro background: linear-gradient(66.77deg, #D83333 0%, #F041FF 100%); color: white; padding-inline: 4px; border-radius: 2px; font-family: monospace; Error while running audit's match function: TypeError: Failed to fetch @ http://localhost:4321/node_modules/astro/dist/runtime/client/dev-toolbar/settings.js?v=cb2c1591:17
[  161444ms] [ERROR] Failed to load resource: net::ERR_CONNECTION_REFUSED @ http://localhost:4321/@fs/Users/anorum/repos/alex-website/src/assets/logos/LegalZoomlogo.webp?origWidth=500&origHeight=500&origFormat=webp:0
[  161444ms] [ERROR] %cAstro background: linear-gradient(66.77deg, #D83333 0%, #F041FF 100%); color: white; padding-inline: 4px; border-radius: 2px; font-family: monospace; Error while running audit's match function: TypeError: Failed to fetch @ http://localhost:4321/node_modules/astro/dist/runtime/client/dev-toolbar/settings.js?v=cb2c1591:17
[  161445ms] [ERROR] Failed to load resource: net::ERR_CONNECTION_REFUSED @ http://localhost:4321/@fs/Users/anorum/repos/alex-website/src/assets/logos/newreliclogo.svg?origWidth=720&origHeight=720&origFormat=svg:0
[  161445ms] [ERROR] %cAstro background: linear-gradient(66.77deg, #D83333 0%, #F041FF 100%); color: white; padding-inline: 4px; border-radius: 2px; font-family: monospace; Error while running audit's match function: TypeError: Failed to fetch @ http://localhost:4321/node_modules/astro/dist/runtime/client/dev-toolbar/settings.js?v=cb2c1591:17
[  161446ms] [ERROR] Failed to load resource: net::ERR_CONNECTION_REFUSED @ http://localhost:4321/@fs/Users/anorum/repos/alex-website/src/assets/logos/oraclelogo.png?origWidth=225&origHeight=225&origFormat=png:0
[  161446ms] [ERROR] %cAstro background: linear-gradient(66.77deg, #D83333 0%, #F041FF 100%); color: white; padding-inline: 4px; border-radius: 2px; font-family: monospace; Error while running audit's match function: TypeError: Failed to fetch @ http://localhost:4321/node_modules/astro/dist/runtime/client/dev-toolbar/settings.js?v=cb2c1591:17
[  161447ms] [ERROR] Failed to load resource: net::ERR_CONNECTION_REFUSED @ http://localhost:4321/@fs/Users/anorum/repos/alex-website/src/assets/me.jpeg?origWidth=460&origHeight=460&origFormat=jpg:0
[  161447ms] [ERROR] %cAstro background: linear-gradient(66.77deg, #D83333 0%, #F041FF 100%); color: white; padding-inline: 4px; border-radius: 2px; font-family: monospace; Error while running audit's match function: TypeError: Failed to fetch @ http://localhost:4321/node_modules/astro/dist/runtime/client/dev-toolbar/settings.js?v=cb2c1591:17
[  161448ms] [ERROR] Failed to load resource: net::ERR_CONNECTION_REFUSED @ http://localhost:4321/@fs/Users/anorum/repos/alex-website/src/assets/logos/LegalZoomlogo.webp?origWidth=500&origHeight=500&origFormat=webp:0
[  161448ms] [ERROR] %cAstro background: linear-gradient(66.77deg, #D83333 0%, #F041FF 100%); color: white; padding-inline: 4px; border-radius: 2px; font-family: monospace; Error while running audit's match function: TypeError: Failed to fetch @ http://localhost:4321/node_modules/astro/dist/runtime/client/dev-toolbar/settings.js?v=cb2c1591:17
[  161448ms] [ERROR] Failed to load resource: net::ERR_CONNECTION_REFUSED @ http://localhost:4321/@fs/Users/anorum/repos/alex-website/src/assets/logos/LegalZoomlogo.webp?origWidth=500&origHeight=500&origFormat=webp:0
[  161448ms] [ERROR] %cAstro background: linear-gradient(66.77deg, #D83333 0%, #F041FF 100%); color: white; padding-inline: 4px; border-radius: 2px; font-family: monospace; Error while running audit's match function: TypeError: Failed to fetch @ http://localhost:4321/node_modules/astro/dist/runtime/client/dev-toolbar/settings.js?v=cb2c1591:17
[  161449ms] [ERROR] Failed to load resource: net::ERR_CONNECTION_REFUSED @ http://localhost:4321/@fs/Users/anorum/repos/alex-website/src/assets/logos/newreliclogo.svg?origWidth=720&origHeight=720&origFormat=svg:0
[  161449ms] [ERROR] %cAstro background: linear-gradient(66.77deg, #D83333 0%, #F041FF 100%); color: white; padding-inline: 4px; border-radius: 2px; font-family: monospace; Error while running audit's match function: TypeError: Failed to fetch @ http://localhost:4321/node_modules/astro/dist/runtime/client/dev-toolbar/settings.js?v=cb2c1591:17
[  161449ms] [ERROR] Failed to load resource: net::ERR_CONNECTION_REFUSED @ http://localhost:4321/@fs/Users/anorum/repos/alex-website/src/assets/logos/oraclelogo.png?origWidth=225&origHeight=225&origFormat=png:0
[  161449ms] [ERROR] %cAstro background: linear-gradient(66.77deg, #D83333 0%, #F041FF 100%); color: white; padding-inline: 4px; border-radius: 2px; font-family: monospace; Error while running audit's match function: TypeError: Failed to fetch @ http://localhost:4321/node_modules/astro/dist/runtime/client/dev-toolbar/settings.js?v=cb2c1591:17
[  162602ms] [ERROR] Failed to load resource: the server responded with a status of 400 () @ https://b.basemaps.cartocdn.com/light_nolabels/2/-1/0@2x.png:0
[  162704ms] [ERROR] Failed to load resource: net::ERR_CONNECTION_REFUSED @ http://localhost:4321/@fs/Users/anorum/repos/alex-website/src/assets/cocoboicon.png?origWidth=424&origHeight=425&origFormat=png:0
[  162704ms] [ERROR] %cAstro background: linear-gradient(66.77deg, #D83333 0%, #F041FF 100%); color: white; padding-inline: 4px; border-radius: 2px; font-family: monospace; Error while running audit's match function: TypeError: Failed to fetch @ http://localhost:4321/node_modules/astro/dist/runtime/client/dev-toolbar/settings.js?v=cb2c1591:17
[  162705ms] [ERROR] Failed to load resource: net::ERR_CONNECTION_REFUSED @ http://localhost:4321/@fs/Users/anorum/repos/alex-website/src/assets/cocoboicon.png?origWidth=424&origHeight=425&origFormat=png:0
[  162705ms] [ERROR] %cAstro background: linear-gradient(66.77deg, #D83333 0%, #F041FF 100%); color: white; padding-inline: 4px; border-radius: 2px; font-family: monospace; Error while running audit's match function: TypeError: Failed to fetch @ http://localhost:4321/node_modules/astro/dist/runtime/client/dev-toolbar/settings.js?v=cb2c1591:17
[  162705ms] [ERROR] Failed to load resource: net::ERR_CONNECTION_REFUSED @ http://localhost:4321/@fs/Users/anorum/repos/alex-website/src/assets/me.jpeg?origWidth=460&origHeight=460&origFormat=jpg:0
[  162705ms] [ERROR] %cAstro background: linear-gradient(66.77deg, #D83333 0%, #F041FF 100%); color: white; padding-inline: 4px; border-radius: 2px; font-family: monospace; Error while running audit's match function: TypeError: Failed to fetch @ http://localhost:4321/node_modules/astro/dist/runtime/client/dev-toolbar/settings.js?v=cb2c1591:17
[  162706ms] [ERROR] Failed to load resource: net::ERR_CONNECTION_REFUSED @ http://localhost:4321/@fs/Users/anorum/repos/alex-website/src/assets/logos/LegalZoomlogo.webp?origWidth=500&origHeight=500&origFormat=webp:0
[  162706ms] [ERROR] %cAstro background: linear-gradient(66.77deg, #D83333 0%, #F041FF 100%); color: white; padding-inline: 4px; border-radius: 2px; font-family: monospace; Error while running audit's match function: TypeError: Failed to fetch @ http://localhost:4321/node_modules/astro/dist/runtime/client/dev-toolbar/settings.js?v=cb2c1591:17
[  162707ms] [ERROR] Failed to load resource: net::ERR_CONNECTION_REFUSED @ http://localhost:4321/@fs/Users/anorum/repos/alex-website/src/assets/logos/LegalZoomlogo.webp?origWidth=500&origHeight=500&origFormat=webp:0
[  162707ms] [ERROR] %cAstro background: linear-gradient(66.77deg, #D83333 0%, #F041FF 100%); color: white; padding-inline: 4px; border-radius: 2px; font-family: monospace; Error while running audit's match function: TypeError: Failed to fetch @ http://localhost:4321/node_modules/astro/dist/runtime/client/dev-toolbar/settings.js?v=cb2c1591:17
[  162708ms] [ERROR] Failed to load resource: net::ERR_CONNECTION_REFUSED @ http://localhost:4321/@fs/Users/anorum/repos/alex-website/src/assets/logos/newreliclogo.svg?origWidth=720&origHeight=720&origFormat=svg:0
[  162708ms] [ERROR] %cAstro background: linear-gradient(66.77deg, #D83333 0%, #F041FF 100%); color: white; padding-inline: 4px; border-radius: 2px; font-family: monospace; Error while running audit's match function: TypeError: Failed to fetch @ http://localhost:4321/node_modules/astro/dist/runtime/client/dev-toolbar/settings.js?v=cb2c1591:17
[  162709ms] [ERROR] Failed to load resource: net::ERR_CONNECTION_REFUSED @ http://localhost:4321/@fs/Users/anorum/repos/alex-website/src/assets/logos/oraclelogo.png?origWidth=225&origHeight=225&origFormat=png:0
[  162709ms] [ERROR] %cAstro background: linear-gradient(66.77deg, #D83333 0%, #F041FF 100%); color: white; padding-inline: 4px; border-radius: 2px; font-family: monospace; Error while running audit's match function: TypeError: Failed to fetch @ http://localhost:4321/node_modules/astro/dist/runtime/client/dev-toolbar/settings.js?v=cb2c1591:17
[  162711ms] [ERROR] Failed to load resource: net::ERR_CONNECTION_REFUSED @ http://localhost:4321/@fs/Users/anorum/repos/alex-website/src/assets/me.jpeg?origWidth=460&origHeight=460&origFormat=jpg:0
[  162711ms] [ERROR] %cAstro background: linear-gradient(66.77deg, #D83333 0%, #F041FF 100%); color: white; padding-inline: 4px; border-radius: 2px; font-family: monospace; Error while running audit's match function: TypeError: Failed to fetch @ http://localhost:4321/node_modules/astro/dist/runtime/client/dev-toolbar/settings.js?v=cb2c1591:17
[  162712ms] [ERROR] Failed to load resource: net::ERR_CONNECTION_REFUSED @ http://localhost:4321/@fs/Users/anorum/repos/alex-website/src/assets/logos/LegalZoomlogo.webp?origWidth=500&origHeight=500&origFormat=webp:0
[  162712ms] [ERROR] %cAstro background: linear-gradient(66.77deg, #D83333 0%, #F041FF 100%); color: white; padding-inline: 4px; border-radius: 2px; font-family: monospace; Error while running audit's match function: TypeError: Failed to fetch @ http://localhost:4321/node_modules/astro/dist/runtime/client/dev-toolbar/settings.js?v=cb2c1591:17
[  162712ms] [ERROR] Failed to load resource: net::ERR_CONNECTION_REFUSED @ http://localhost:4321/@fs/Users/anorum/repos/alex-website/src/assets/logos/LegalZoomlogo.webp?origWidth=500&origHeight=500&origFormat=webp:0
[  162712ms] [ERROR] %cAstro background: linear-gradient(66.77deg, #D83333 0%, #F041FF 100%); color: white; padding-inline: 4px; border-radius: 2px; font-family: monospace; Error while running audit's match function: TypeError: Failed to fetch @ http://localhost:4321/node_modules/astro/dist/runtime/client/dev-toolbar/settings.js?v=cb2c1591:17
[  162713ms] [ERROR] Failed to load resource: net::ERR_CONNECTION_REFUSED @ http://localhost:4321/@fs/Users/anorum/repos/alex-website/src/assets/logos/newreliclogo.svg?origWidth=720&origHeight=720&origFormat=svg:0
[  162713ms] [ERROR] %cAstro background: linear-gradient(66.77deg, #D83333 0%, #F041FF 100%); color: white; padding-inline: 4px; border-radius: 2px; font-family: monospace; Error while running audit's match function: TypeError: Failed to fetch @ http://localhost:4321/node_modules/astro/dist/runtime/client/dev-toolbar/settings.js?v=cb2c1591:17
[  162713ms] [ERROR] Failed to load resource: net::ERR_CONNECTION_REFUSED @ http://localhost:4321/@fs/Users/anorum/repos/alex-website/src/assets/logos/oraclelogo.png?origWidth=225&origHeight=225&origFormat=png:0
[  162713ms] [ERROR] %cAstro background: linear-gradient(66.77deg, #D83333 0%, #F041FF 100%); color: white; padding-inline: 4px; border-radius: 2px; font-family: monospace; Error while running audit's match function: TypeError: Failed to fetch @ http://localhost:4321/node_modules/astro/dist/runtime/client/dev-toolbar/settings.js?v=cb2c1591:17
[  163233ms] [ERROR] WebSocket connection to 'ws://localhost:4321/' failed: Error in connection establishment: net::ERR_CONNECTION_REFUSED @ http://localhost:4321/@vite/client:1721
[  167118ms] [ERROR] WebSocket connection to 'ws://localhost:4321/' failed: Error in connection establishment: net::ERR_CONNECTION_REFUSED @ http://localhost:4321/@vite/client:1721
[  172075ms] [ERROR] WebSocket connection to 'ws://localhost:4321/' failed: Error in connection establishment: net::ERR_CONNECTION_REFUSED @ http://localhost:4321/@vite/client:1721
[  177556ms] [ERROR] WebSocket connection to 'ws://localhost:4321/' failed: Error in connection establishment: net::ERR_CONNECTION_REFUSED @ http://localhost:4321/@vite/client:1721
[  181027ms] [ERROR] WebSocket connection to 'ws://localhost:4321/' failed: Error in connection establishment: net::ERR_CONNECTION_REFUSED @ http://localhost:4321/@vite/client:1721
[  186194ms] [ERROR] WebSocket connection to 'ws://localhost:4321/' failed: Error in connection establishment: net::ERR_CONNECTION_REFUSED @ http://localhost:4321/@vite/client:1721
[  188954ms] [ERROR] WebSocket connection to 'ws://localhost:4321/' failed: Error in connection establishment: net::ERR_CONNECTION_REFUSED @ http://localhost:4321/@vite/client:1721
[  192890ms] [ERROR] WebSocket connection to 'ws://localhost:4321/' failed: Error in connection establishment: net::ERR_CONNECTION_REFUSED @ http://localhost:4321/@vite/client:1721
[  197304ms] [ERROR] WebSocket connection to 'ws://localhost:4321/' failed: Error in connection establishment: net::ERR_CONNECTION_REFUSED @ http://localhost:4321/@vite/client:1721
[  199996ms] [ERROR] Failed to load resource: the server responded with a status of 400 () @ https://a.basemaps.cartocdn.com/light_nolabels/2/-1/1@2x.png:0
[  200000ms] [ERROR] Failed to load resource: the server responded with a status of 400 () @ https://c.basemaps.cartocdn.com/light_nolabels/2/-2/0@2x.png:0
[  200010ms] [ERROR] Failed to load resource: the server responded with a status of 400 () @ https://b.basemaps.cartocdn.com/light_nolabels/2/-2/1@2x.png:0
[  200162ms] [ERROR] Failed to load resource: net::ERR_CONNECTION_REFUSED @ http://localhost:4321/@fs/Users/anorum/repos/alex-website/src/assets/cocoboicon.png?origWidth=424&origHeight=425&origFormat=png:0
[  200162ms] [ERROR] %cAstro background: linear-gradient(66.77deg, #D83333 0%, #F041FF 100%); color: white; padding-inline: 4px; border-radius: 2px; font-family: monospace; Error while running audit's match function: TypeError: Failed to fetch @ http://localhost:4321/node_modules/astro/dist/runtime/client/dev-toolbar/settings.js?v=cb2c1591:17
[  200164ms] [ERROR] Failed to load resource: net::ERR_CONNECTION_REFUSED @ http://localhost:4321/@fs/Users/anorum/repos/alex-website/src/assets/cocoboicon.png?origWidth=424&origHeight=425&origFormat=png:0
[  200164ms] [ERROR] %cAstro background: linear-gradient(66.77deg, #D83333 0%, #F041FF 100%); color: white; padding-inline: 4px; border-radius: 2px; font-family: monospace; Error while running audit's match function: TypeError: Failed to fetch @ http://localhost:4321/node_modules/astro/dist/runtime/client/dev-toolbar/settings.js?v=cb2c1591:17
[  200165ms] [ERROR] Failed to load resource: net::ERR_CONNECTION_REFUSED @ http://localhost:4321/@fs/Users/anorum/repos/alex-website/src/assets/me.jpeg?origWidth=460&origHeight=460&origFormat=jpg:0
[  200165ms] [ERROR] %cAstro background: linear-gradient(66.77deg, #D83333 0%, #F041FF 100%); color: white; padding-inline: 4px; border-radius: 2px; font-family: monospace; Error while running audit's match function: TypeError: Failed to fetch @ http://localhost:4321/node_modules/astro/dist/runtime/client/dev-toolbar/settings.js?v=cb2c1591:17
[  200165ms] [ERROR] Failed to load resource: net::ERR_CONNECTION_REFUSED @ http://localhost:4321/@fs/Users/anorum/repos/alex-website/src/assets/logos/LegalZoomlogo.webp?origWidth=500&origHeight=500&origFormat=webp:0
[  200165ms] [ERROR] %cAstro background: linear-gradient(66.77deg, #D83333 0%, #F041FF 100%); color: white; padding-inline: 4px; border-radius: 2px; font-family: monospace; Error while running audit's match function: TypeError: Failed to fetch @ http://localhost:4321/node_modules/astro/dist/runtime/client/dev-toolbar/settings.js?v=cb2c1591:17
[  200166ms] [ERROR] Failed to load resource: net::ERR_CONNECTION_REFUSED @ http://localhost:4321/@fs/Users/anorum/repos/alex-website/src/assets/logos/LegalZoomlogo.webp?origWidth=500&origHeight=500&origFormat=webp:0
[  200166ms] [ERROR] %cAstro background: linear-gradient(66.77deg, #D83333 0%, #F041FF 100%); color: white; padding-inline: 4px; border-radius: 2px; font-family: monospace; Error while running audit's match function: TypeError: Failed to fetch @ http://localhost:4321/node_modules/astro/dist/runtime/client/dev-toolbar/settings.js?v=cb2c1591:17
[  200167ms] [ERROR] Failed to load resource: net::ERR_CONNECTION_REFUSED @ http://localhost:4321/@fs/Users/anorum/repos/alex-website/src/assets/logos/newreliclogo.svg?origWidth=720&origHeight=720&origFormat=svg:0
[  200167ms] [ERROR] %cAstro background: linear-gradient(66.77deg, #D83333 0%, #F041FF 100%); color: white; padding-inline: 4px; border-radius: 2px; font-family: monospace; Error while running audit's match function: TypeError: Failed to fetch @ http://localhost:4321/node_modules/astro/dist/runtime/client/dev-toolbar/settings.js?v=cb2c1591:17
[  200168ms] [ERROR] Failed to load resource: net::ERR_CONNECTION_REFUSED @ http://localhost:4321/@fs/Users/anorum/repos/alex-website/src/assets/logos/oraclelogo.png?origWidth=225&origHeight=225&origFormat=png:0
[  200168ms] [ERROR] %cAstro background: linear-gradient(66.77deg, #D83333 0%, #F041FF 100%); color: white; padding-inline: 4px; border-radius: 2px; font-family: monospace; Error while running audit's match function: TypeError: Failed to fetch @ http://localhost:4321/node_modules/astro/dist/runtime/client/dev-toolbar/settings.js?v=cb2c1591:17
[  200168ms] [ERROR] Failed to load resource: net::ERR_CONNECTION_REFUSED @ http://localhost:4321/@fs/Users/anorum/repos/alex-website/src/assets/me.jpeg?origWidth=460&origHeight=460&origFormat=jpg:0
[  200168ms] [ERROR] %cAstro background: linear-gradient(66.77deg, #D83333 0%, #F041FF 100%); color: white; padding-inline: 4px; border-radius: 2px; font-family: monospace; Error while running audit's match function: TypeError: Failed to fetch @ http://localhost:4321/node_modules/astro/dist/runtime/client/dev-toolbar/settings.js?v=cb2c1591:17
[  200169ms] [ERROR] Failed to load resource: net::ERR_CONNECTION_REFUSED @ http://localhost:4321/@fs/Users/anorum/repos/alex-website/src/assets/logos/LegalZoomlogo.webp?origWidth=500&origHeight=500&origFormat=webp:0
[  200169ms] [ERROR] %cAstro background: linear-gradient(66.77deg, #D83333 0%, #F041FF 100%); color: white; padding-inline: 4px; border-radius: 2px; font-family: monospace; Error while running audit's match function: TypeError: Failed to fetch @ http://localhost:4321/node_modules/astro/dist/runtime/client/dev-toolbar/settings.js?v=cb2c1591:17
[  200169ms] [ERROR] Failed to load resource: net::ERR_CONNECTION_REFUSED @ http://localhost:4321/@fs/Users/anorum/repos/alex-website/src/assets/logos/LegalZoomlogo.webp?origWidth=500&origHeight=500&origFormat=webp:0
[  200169ms] [ERROR] %cAstro background: linear-gradient(66.77deg, #D83333 0%, #F041FF 100%); color: white; padding-inline: 4px; border-radius: 2px; font-family: monospace; Error while running audit's match function: TypeError: Failed to fetch @ http://localhost:4321/node_modules/astro/dist/runtime/client/dev-toolbar/settings.js?v=cb2c1591:17
[  200170ms] [ERROR] Failed to load resource: net::ERR_CONNECTION_REFUSED @ http://localhost:4321/@fs/Users/anorum/repos/alex-website/src/assets/logos/newreliclogo.svg?origWidth=720&origHeight=720&origFormat=svg:0
[  200170ms] [ERROR] %cAstro background: linear-gradient(66.77deg, #D83333 0%, #F041FF 100%); color: white; padding-inline: 4px; border-radius: 2px; font-family: monospace; Error while running audit's match function: TypeError: Failed to fetch @ http://localhost:4321/node_modules/astro/dist/runtime/client/dev-toolbar/settings.js?v=cb2c1591:17
[  200170ms] [ERROR] Failed to load resource: net::ERR_CONNECTION_REFUSED @ http://localhost:4321/@fs/Users/anorum/repos/alex-website/src/assets/logos/oraclelogo.png?origWidth=225&origHeight=225&origFormat=png:0
[  200170ms] [ERROR] %cAstro background: linear-gradient(66.77deg, #D83333 0%, #F041FF 100%); color: white; padding-inline: 4px; border-radius: 2px; font-family: monospace; Error while running audit's match function: TypeError: Failed to fetch @ http://localhost:4321/node_modules/astro/dist/runtime/client/dev-toolbar/settings.js?v=cb2c1591:17
[  200561ms] [ERROR] Failed to load resource: net::ERR_CONNECTION_REFUSED @ http://localhost:4321/@fs/Users/anorum/repos/alex-website/src/assets/cocoboicon.png?origWidth=424&origHeight=425&origFormat=png:0
[  200561ms] [ERROR] %cAstro background: linear-gradient(66.77deg, #D83333 0%, #F041FF 100%); color: white; padding-inline: 4px; border-radius: 2px; font-family: monospace; Error while running audit's match function: TypeError: Failed to fetch @ http://localhost:4321/node_modules/astro/dist/runtime/client/dev-toolbar/settings.js?v=cb2c1591:17
[  200565ms] [ERROR] Failed to load resource: net::ERR_CONNECTION_REFUSED @ http://localhost:4321/@fs/Users/anorum/repos/alex-website/src/assets/cocoboicon.png?origWidth=424&origHeight=425&origFormat=png:0
[  200565ms] [ERROR] %cAstro background: linear-gradient(66.77deg, #D83333 0%, #F041FF 100%); color: white; padding-inline: 4px; border-radius: 2px; font-family: monospace; Error while running audit's match function: TypeError: Failed to fetch @ http://localhost:4321/node_modules/astro/dist/runtime/client/dev-toolbar/settings.js?v=cb2c1591:17
[  200568ms] [ERROR] Failed to load resource: net::ERR_CONNECTION_REFUSED @ http://localhost:4321/@fs/Users/anorum/repos/alex-website/src/assets/me.jpeg?origWidth=460&origHeight=460&origFormat=jpg:0
[  200568ms] [ERROR] %cAstro background: linear-gradient(66.77deg, #D83333 0%, #F041FF 100%); color: white; padding-inline: 4px; border-radius: 2px; font-family: monospace; Error while running audit's match function: TypeError: Failed to fetch @ http://localhost:4321/node_modules/astro/dist/runtime/client/dev-toolbar/settings.js?v=cb2c1591:17
[  200572ms] [ERROR] Failed to load resource: net::ERR_CONNECTION_REFUSED @ http://localhost:4321/@fs/Users/anorum/repos/alex-website/src/assets/logos/LegalZoomlogo.webp?origWidth=500&origHeight=500&origFormat=webp:0
[  200572ms] [ERROR] %cAstro background: linear-gradient(66.77deg, #D83333 0%, #F041FF 100%); color: white; padding-inline: 4px; border-radius: 2px; font-family: monospace; Error while running audit's match function: TypeError: Failed to fetch @ http://localhost:4321/node_modules/astro/dist/runtime/client/dev-toolbar/settings.js?v=cb2c1591:17
[  200574ms] [ERROR] Failed to load resource: net::ERR_CONNECTION_REFUSED @ http://localhost:4321/@fs/Users/anorum/repos/alex-website/src/assets/logos/LegalZoomlogo.webp?origWidth=500&origHeight=500&origFormat=webp:0
[  200574ms] [ERROR] %cAstro background: linear-gradient(66.77deg, #D83333 0%, #F041FF 100%); color: white; padding-inline: 4px; border-radius: 2px; font-family: monospace; Error while running audit's match function: TypeError: Failed to fetch @ http://localhost:4321/node_modules/astro/dist/runtime/client/dev-toolbar/settings.js?v=cb2c1591:17
[  200575ms] [ERROR] Failed to load resource: net::ERR_CONNECTION_REFUSED @ http://localhost:4321/@fs/Users/anorum/repos/alex-website/src/assets/logos/newreliclogo.svg?origWidth=720&origHeight=720&origFormat=svg:0
[  200575ms] [ERROR] %cAstro background: linear-gradient(66.77deg, #D83333 0%, #F041FF 100%); color: white; padding-inline: 4px; border-radius: 2px; font-family: monospace; Error while running audit's match function: TypeError: Failed to fetch @ http://localhost:4321/node_modules/astro/dist/runtime/client/dev-toolbar/settings.js?v=cb2c1591:17
[  200576ms] [ERROR] Failed to load resource: net::ERR_CONNECTION_REFUSED @ http://localhost:4321/@fs/Users/anorum/repos/alex-website/src/assets/logos/oraclelogo.png?origWidth=225&origHeight=225&origFormat=png:0
[  200576ms] [ERROR] %cAstro background: linear-gradient(66.77deg, #D83333 0%, #F041FF 100%); color: white; padding-inline: 4px; border-radius: 2px; font-family: monospace; Error while running audit's match function: TypeError: Failed to fetch @ http://localhost:4321/node_modules/astro/dist/runtime/client/dev-toolbar/settings.js?v=cb2c1591:17
[  200576ms] [ERROR] Failed to load resource: net::ERR_CONNECTION_REFUSED @ http://localhost:4321/@fs/Users/anorum/repos/alex-website/src/assets/me.jpeg?origWidth=460&origHeight=460&origFormat=jpg:0
[  200576ms] [ERROR] %cAstro background: linear-gradient(66.77deg, #D83333 0%, #F041FF 100%); color: white; padding-inline: 4px; border-radius: 2px; font-family: monospace; Error while running audit's match function: TypeError: Failed to fetch @ http://localhost:4321/node_modules/astro/dist/runtime/client/dev-toolbar/settings.js?v=cb2c1591:17
[  200577ms] [ERROR] Failed to load resource: net::ERR_CONNECTION_REFUSED @ http://localhost:4321/@fs/Users/anorum/repos/alex-website/src/assets/logos/LegalZoomlogo.webp?origWidth=500&origHeight=500&origFormat=webp:0
[  200577ms] [ERROR] %cAstro background: linear-gradient(66.77deg, #D83333 0%, #F041FF 100%); color: white; padding-inline: 4px; border-radius: 2px; font-family: monospace; Error while running audit's match function: TypeError: Failed to fetch @ http://localhost:4321/node_modules/astro/dist/runtime/client/dev-toolbar/settings.js?v=cb2c1591:17
[  200577ms] [ERROR] Failed to load resource: net::ERR_CONNECTION_REFUSED @ http://localhost:4321/@fs/Users/anorum/repos/alex-website/src/assets/logos/LegalZoomlogo.webp?origWidth=500&origHeight=500&origFormat=webp:0
[  200577ms] [ERROR] %cAstro background: linear-gradient(66.77deg, #D83333 0%, #F041FF 100%); color: white; padding-inline: 4px; border-radius: 2px; font-family: monospace; Error while running audit's match function: TypeError: Failed to fetch @ http://localhost:4321/node_modules/astro/dist/runtime/client/dev-toolbar/settings.js?v=cb2c1591:17
[  200578ms] [ERROR] Failed to load resource: net::ERR_CONNECTION_REFUSED @ http://localhost:4321/@fs/Users/anorum/repos/alex-website/src/assets/logos/newreliclogo.svg?origWidth=720&origHeight=720&origFormat=svg:0
[  200578ms] [ERROR] %cAstro background: linear-gradient(66.77deg, #D83333 0%, #F041FF 100%); color: white; padding-inline: 4px; border-radius: 2px; font-family: monospace; Error while running audit's match function: TypeError: Failed to fetch @ http://localhost:4321/node_modules/astro/dist/runtime/client/dev-toolbar/settings.js?v=cb2c1591:17
[  200578ms] [ERROR] Failed to load resource: net::ERR_CONNECTION_REFUSED @ http://localhost:4321/@fs/Users/anorum/repos/alex-website/src/assets/logos/oraclelogo.png?origWidth=225&origHeight=225&origFormat=png:0
[  200578ms] [ERROR] %cAstro background: linear-gradient(66.77deg, #D83333 0%, #F041FF 100%); color: white; padding-inline: 4px; border-radius: 2px; font-family: monospace; Error while running audit's match function: TypeError: Failed to fetch @ http://localhost:4321/node_modules/astro/dist/runtime/client/dev-toolbar/settings.js?v=cb2c1591:17
[  202001ms] [ERROR] WebSocket connection to 'ws://localhost:4321/' failed: Error in connection establishment: net::ERR_CONNECTION_REFUSED @ http://localhost:4321/@vite/client:1721
[  207613ms] [ERROR] WebSocket connection to 'ws://localhost:4321/' failed: Error in connection establishment: net::ERR_CONNECTION_REFUSED @ http://localhost:4321/@vite/client:1721
[  213114ms] [ERROR] WebSocket connection to 'ws://localhost:4321/' failed: Error in connection establishment: net::ERR_CONNECTION_REFUSED @ http://localhost:4321/@vite/client:1721
[  216364ms] [ERROR] WebSocket connection to 'ws://localhost:4321/' failed: Error in connection establishment: net::ERR_CONNECTION_REFUSED @ http://localhost:4321/@vite/client:1721
[  221557ms] [ERROR] WebSocket connection to 'ws://localhost:4321/' failed: Error in connection establishment: net::ERR_CONNECTION_REFUSED @ http://localhost:4321/@vite/client:1721
[  226719ms] [ERROR] WebSocket connection to 'ws://localhost:4321/' failed: Error in connection establishment: net::ERR_CONNECTION_REFUSED @ http://localhost:4321/@vite/client:1721
[  229903ms] [ERROR] WebSocket connection to 'ws://localhost:4321/' failed: Error in connection establishment: net::ERR_CONNECTION_REFUSED @ http://localhost:4321/@vite/client:1721
[  234442ms] [ERROR] WebSocket connection to 'ws://localhost:4321/' failed: Error in connection establishment: net::ERR_CONNECTION_REFUSED @ http://localhost:4321/@vite/client:1721
